{
    "Should aggregate one or more batch CSVs into a single report": {
        "content": [
            "submission_report.csv:md5,1209cd89bc2e7c4e3af1f57d13037d0d"
        ],
        "meta": {
            "nf-test": "0.9.2",
            "nextflow": "25.04.6"
        },
        "timestamp": "2025-09-19T00:43:41.29504687"
    }
}