{
    "Should split Excel into TSV batches": {
        "content": [
            "genbank_batch_1.tsv:md5,4bc2c4637c2c6848744902bfa4c2ea27"
        ],
        "meta": {
            "nf-test": "0.9.2",
            "nextflow": "25.04.6"
        },
        "timestamp": "2025-08-28T16:21:33.968248073"
    }
}