{
    "Should run without failures": {
        "content": [
            [
                [
                    "batch_1.tsv:md5,eb0cfaf7072af2dac2c753cac1759f7e",
                    "batch_2.tsv:md5,727094cac54dd83cd94c4573b0a08a71",
                    "batch_3.tsv:md5,0eb09a08ff9e42ba4de6e0b728c6f5eb",
                    "batch_4.tsv:md5,a61de85cccd1b75a029f0abd850663de",
                    "batch_5.tsv:md5,3dc2d27d2406741b76098762eb63b85a"
                ]
            ]
        ],
        "meta": {
            "nf-test": "0.9.2",
            "nextflow": "25.04.6"
        },
        "timestamp": "2025-09-19T00:44:30.260454814"
    }
}